 ____
| ___|
|___ \
 ___) |
|____/
[Beşinci Bölüm]
- (interactive shell) : etkileşimli kabuk
* çıkmak:
>>> quit();
>>> import sys; sys.exit();

- elimizdeki verinin tipini bilmek çok önemli.
- type() verinin tipini sorgular
- parametre: fonksiyonların parantezleri içinde belirtilen değerlerdir.

- karakter dizisi
* birleştirmek
"ben " + "insanım"
"ben " "insanım"
* Tekrarlamak
"w" * 3

- Sayılar
2 integer
2.3 float
10+2j complex

- len() karakter dizisi uzunluk
* sayılar için kullanılmaz

- Değişkenler
* harf veya _ işaretiyle başlamalı
* türkçe kullanabiliriz.
* yasaklı kelimeler
>>> import keyword
>>> keyword.kwlist
* fonksiyon ve benzeri araçların adlarını kullanılmamalı kullanırsak artık o fonksiyon çalışmaz
>>> type = 2456
>>> type("elma")
Error
>>> del type
* adı kısa ve betimleyici olmalı
* aynı değere sahip değişkenler
>>> a=b=7
* Takas Etme x, y = y, x

- öncelik sırası kurallını geçerlidir.

- kare bulmak için değeri kendisiyle çarpıyoruz.

- ** Kuvvet
>>> 12 ** 2 = 12*12 = 144
* karekök 0.5
* pow(12, 2, 2)
    144 sayısına böl, bölme işleminin kalanı 0'dır. yani 144 sayısı 2'ye tam bölünür.

- son işlem _ sadece etkileşim kabukta kullanılır.